[debug] [2026-08-29T17:34:53.454Z] ----------------------------------------------------------------------
[debug] [2026-08-29T17:34:53.456Z] Command:       /usr/local/share/nvm/versions/node/v24.14.0/bin/node /home/codespace/nvm/current/bin/firebase login --reauth
[debug] [2026-08-29T17:34:53.456Z] CLI Version:   15.28.2
[debug] [2026-08-29T17:34:53.457Z] Platform:      linux
[debug] [2026-08-29T17:34:53.457Z] Node Version:  v24.14.0
[debug] [2026-08-29T17:34:53.457Z] Detected Agent: unknown
[debug] [2026-08-29T17:34:53.457Z] Time:          Sat Aug 29 2026 17:34:53 GMT+0000 (Coordinated Universal Time)
[debug] [2026-08-29T17:34:53.457Z] ----------------------------------------------------------------------
[debug] 
[debug] [2026-08-29T17:34:53.859Z] >>> [apiv2][query] POST https://auth.firebase.tools/attest [none]
[debug] [2026-08-29T17:34:53.859Z] >>> [apiv2][body] POST https://auth.firebase.tools/attest {"session_id":"b7977b14-a16a-4e3e-94d0-327f943bb5c8"}
[debug] [2026-08-29T17:34:54.160Z] <<< [apiv2][status] POST https://auth.firebase.tools/attest 200
[debug] [2026-08-29T17:34:54.160Z] <<< [apiv2][body] POST https://auth.firebase.tools/attest {"token":"X1JViYjzBOOdzS_fH08UEa3iGe95jhm-GbKaiROlCeM"}
[info] 
[info] To sign in to the Firebase CLI:
[info] 
[info] 1. Take note of your session ID:
[info] 
[info]    B7977
[info] 
[info] 2. Visit the URL below on any device and follow the instructions to get your code:
[info] 
[info]    https://auth.firebase.tools/login?code_challenge=aMieZsM5NcwG8-EdFKrxNf7l6a_L3lilPZDt10XWVPk&session=b7977b14-a16a-4e3e-94d0-327f943bb5c8&attest=X1JViYjzBOOdzS_fH08UEa3iGe95jhm-GbKaiROlCeM
[info] 
[info] 3. Paste or enter the authorization code below once you have it:
[info] 
